--- Testing API Key ---
ERROR TYPE: Error
ERROR MESSAGE: [GoogleGenerativeAI Error]: Error fetching from https://generativelanguage.googleapis.com/v1beta/models/gemini-1.5-flash:generateContent: [404 Not Found] models/gemini-1.5-flash is not found for API version v1beta, or is not supported for generateContent. Call ListModels to see the list of available models and their supported methods.
STACK: Error: [GoogleGenerativeAI Error]: Error fetching from https://generativelanguage.googleapis.com/v1beta/models/gemini-1.5-flash:generateContent: [404 Not Found] models/gemini-1.5-flash is not found for API version v1beta, or is not supported for generateContent. Call ListModels to see the list of available models and their supported methods.
    at handleResponseNotOk (C:\Users\jesus\Documents\AntiGravity\Proyecto1\Rival-web\node_modules\@google\generative-ai\dist\index.js:434:11)
    at process.processTicksAndRejections (node:internal/process/task_queues:103:5)
    at async makeRequest (C:\Users\jesus\Documents\AntiGravity\Proyecto1\Rival-web\node_modules\@google\generative-ai\dist\index.js:403:9)
    at async generateContent (C:\Users\jesus\Documents\AntiGravity\Proyecto1\Rival-web\node_modules\@google\generative-ai\dist\index.js:867:22)
    at async test (C:\Users\jesus\Documents\AntiGravity\Proyecto1\Rival-web\test-ai.js:11:24)
