app/page.tsx(121,7): error TS1005: ')' expected.
